2026-10-07 04:29:03,661 레코드 31581건 (장중 20869 / 마감 후 10712), 종목 22개
2026-10-07 04:29:04,849 이벤트 31581건 (장 시작 전 1769 / 장중 19100 / 장 마감 후 10712)
2026-10-07 04:29:04,906 ▶ M4 └ 뉴스·임베딩 제거 (반응 + 지표만)  {"d": 64, "lr": 0.001, "wd": 0.0001, "epochs": 15, "bs": 256, "fold_seeds": [0, 1], "test_seeds": [0, 1, 2], "react": true, "rank": 1.0}
2026-10-07 04:30:42,266     2022-01 seed 0  최고 순위IC +0.0333 (에폭 14) 96s
2026-10-07 04:31:59,276     2022-01 seed 1  최고 순위IC +0.0277 (에폭 13) 77s
2026-10-07 04:33:43,722     2022-04 seed 0  최고 순위IC +0.0360 (에폭 3) 104s
2026-10-07 04:35:31,829     2022-04 seed 1  최고 순위IC -0.0117 (에폭 4) 108s
2026-10-07 04:38:02,644     2022-07 seed 0  최고 순위IC +0.0449 (에폭 8) 150s
2026-10-07 04:40:26,599     2022-07 seed 1  최고 순위IC +0.0354 (에폭 4) 144s
2026-10-07 04:43:13,675     2022-10 seed 0  최고 순위IC +0.0055 (에폭 3) 166s
2026-10-07 04:46:03,971     2022-10 seed 1  최고 순위IC -0.0042 (에폭 5) 170s
2026-10-07 04:49:22,597     2023-01 seed 0  최고 순위IC +0.0540 (에폭 15) 198s
2026-10-07 04:52:27,821     2023-01 seed 1  최고 순위IC +0.0629 (에폭 7) 185s
2026-10-07 04:56:21,986     2023-04 seed 0  최고 순위IC +0.0662 (에폭 9) 233s
2026-10-07 05:00:16,839     2023-04 seed 1  최고 순위IC +0.0476 (에폭 2) 235s
2026-10-07 05:02:23,697   검증 순위IC +0.0100 | 평가 순위IC +0.0334 IC +0.0156 | 장전 +0.085 장중 +0.081 마감후 -0.055 | 롱숏 +4.8bp t=+0.63 (1999s)
2026-10-07 05:02:25,818 ▶ M5 └ TCN·어텐션 제거 (주 신호 MLP 만)  {"d": 64, "lr": 0.001, "wd": 0.0001, "epochs": 15, "bs": 256, "fold_seeds": [0, 1], "test_seeds": [0, 1, 2], "react": true, "news": true, "k": 8, "rank": 1.0, "tcn": false}
2026-10-07 05:02:54,601     2022-01 seed 0  최고 순위IC +0.0100 (에폭 1) 2s
2026-10-07 05:02:56,284     2022-01 seed 1  최고 순위IC -0.0176 (에폭 2) 2s
2026-10-07 05:03:20,194     2022-04 seed 0  최고 순위IC +0.0388 (에폭 14) 2s
2026-10-07 05:03:22,543     2022-04 seed 1  최고 순위IC +0.0278 (에폭 6) 2s
2026-10-07 05:03:47,528     2022-07 seed 0  최고 순위IC +0.0147 (에폭 13) 3s
2026-10-07 05:03:50,520     2022-07 seed 1  최고 순위IC +0.0049 (에폭 13) 3s
2026-10-07 05:04:19,474     2022-10 seed 0  최고 순위IC +0.0210 (에폭 13) 4s
2026-10-07 05:04:23,709     2022-10 seed 1  최고 순위IC +0.0436 (에폭 9) 4s
2026-10-07 05:04:54,065     2023-01 seed 0  최고 순위IC +0.0022 (에폭 2) 5s
2026-10-07 05:04:59,203     2023-01 seed 1  최고 순위IC -0.0231 (에폭 13) 5s
2026-10-07 05:05:34,599     2023-04 seed 0  최고 순위IC -0.0100 (에폭 2) 7s
2026-10-07 05:05:41,204     2023-04 seed 1  최고 순위IC +0.0266 (에폭 1) 7s
2026-10-07 05:06:30,786   검증 순위IC -0.0028 | 평가 순위IC +0.0321 IC +0.0193 | 장전 +0.095 장중 +0.047 마감후 +0.008 | 롱숏 +10.2bp t=+1.97 (245s)
