2026-10-06 14:24:34,987 레코드 33125건 (장중 21720 / 마감 후 11405), 종목 22개
2026-10-06 14:24:35,004 ▶ N6 └ 게이트 제거 (단순 결합)  {"k": 8, "d": 64, "norm": "window", "lr": 0.001, "wd": 0.0001, "epochs": 20, "bs": 256, "fold_seeds": [0, 1], "test_seeds": [0, 1, 2], "mode": "concat"}
2026-10-06 14:26:46,525     2022-01 seed 0  최고 IC +0.0806 (에폭 3)  124s
2026-10-06 14:28:14,275     2022-01 seed 1  최고 IC +0.0677 (에폭 2)  88s
2026-10-06 14:30:05,885     2022-04 seed 0  최고 IC +0.0712 (에폭 9)  98s
2026-10-06 14:31:42,713     2022-04 seed 1  최고 IC +0.0809 (에폭 2)  97s
2026-10-06 14:33:59,928     2022-07 seed 0  최고 IC +0.0555 (에폭 2)  121s
2026-10-06 14:36:03,012     2022-07 seed 1  최고 IC +0.0843 (에폭 1)  123s
2026-10-06 14:38:49,947     2022-10 seed 0  최고 IC +0.0370 (에폭 16)  154s
2026-10-06 14:41:19,741     2022-10 seed 1  최고 IC +0.0134 (에폭 12)  150s
2026-10-06 14:44:37,045     2023-01 seed 0  최고 IC +0.0906 (에폭 18)  182s
2026-10-06 14:47:38,542     2023-01 seed 1  최고 IC +0.0811 (에폭 1)  181s
2026-10-06 14:51:25,598     2023-04 seed 0  최고 IC +0.1015 (에폭 20)  216s
2026-10-06 14:55:05,392     2023-04 seed 1  최고 IC +0.1599 (에폭 20)  220s
2026-10-06 14:57:19,559   검증 평균 IC +0.0246 | 평가 IC +0.0205 순위 IC +0.0109 방향 0.500 | 장중 IC +0.0162 (1965s)
2026-10-06 14:57:21,857 ▶ N7 └ 스케일링 없는 내적 어텐션 (논문 표기)  {"k": 8, "d": 64, "norm": "window", "lr": 0.001, "wd": 0.0001, "epochs": 20, "bs": 256, "fold_seeds": [0, 1], "test_seeds": [0, 1, 2], "scaled": false}
2026-10-06 14:58:39,390     2022-01 seed 0  최고 IC +0.0730 (에폭 4)  77s
2026-10-06 14:59:55,426     2022-01 seed 1  최고 IC +0.1229 (에폭 13)  76s
2026-10-06 15:01:36,885     2022-04 seed 0  최고 IC +0.0592 (에폭 4)  101s
2026-10-06 15:03:14,511     2022-04 seed 1  최고 IC +0.0747 (에폭 16)  98s
2026-10-06 15:05:27,174     2022-07 seed 0  최고 IC +0.0123 (에폭 2)  132s
2026-10-06 15:07:36,420     2022-07 seed 1  최고 IC +0.0159 (에폭 1)  129s
2026-10-06 15:10:24,462     2022-10 seed 0  최고 IC +0.0241 (에폭 20)  167s
2026-10-06 15:13:14,401     2022-10 seed 1  최고 IC +0.0181 (에폭 11)  170s
2026-10-06 15:16:28,700     2023-01 seed 0  최고 IC +0.0399 (에폭 2)  193s
2026-10-06 15:19:35,723     2023-01 seed 1  최고 IC +0.0573 (에폭 1)  187s
2026-10-06 15:23:23,996     2023-04 seed 0  최고 IC +0.0909 (에폭 18)  227s
2026-10-06 15:27:05,644     2023-04 seed 1  최고 IC +0.0340 (에폭 8)  222s
2026-10-06 15:29:02,782   검증 평균 IC +0.0160 | 평가 IC +0.0254 순위 IC +0.0079 방향 0.501 | 장중 IC +0.0168 (1901s)
2026-10-06 15:29:04,839 ▶ N8 └ 종목별 라벨 정규화  {"k": 8, "d": 64, "norm": "window", "lr": 0.001, "wd": 0.0001, "epochs": 20, "bs": 256, "fold_seeds": [0, 1], "test_seeds": [0, 1, 2], "label": "ticker"}
2026-10-06 15:30:22,344     2022-01 seed 0  최고 IC +0.0325 (에폭 4)  76s
2026-10-06 15:31:40,001     2022-01 seed 1  최고 IC +0.0540 (에폭 5)  78s
2026-10-06 15:33:17,644     2022-04 seed 0  최고 IC +0.0620 (에폭 15)  96s
2026-10-06 15:34:52,848     2022-04 seed 1  최고 IC +0.0427 (에폭 9)  95s
2026-10-06 15:36:54,353     2022-07 seed 0  최고 IC +0.0285 (에폭 2)  119s
2026-10-06 15:38:56,533     2022-07 seed 1  최고 IC -0.0144 (에폭 1)  122s
2026-10-06 15:41:30,232     2022-10 seed 0  최고 IC -0.0200 (에폭 17)  151s
2026-10-06 15:44:01,042     2022-10 seed 1  최고 IC +0.0084 (에폭 14)  151s
2026-10-06 15:46:58,771     2023-01 seed 0  최고 IC +0.0253 (에폭 3)  175s
2026-10-06 15:49:52,064     2023-01 seed 1  최고 IC +0.0435 (에폭 3)  173s
2026-10-06 15:53:19,251     2023-04 seed 0  최고 IC +0.0002 (에폭 4)  205s
2026-10-06 15:56:39,241     2023-04 seed 1  최고 IC +0.0340 (에폭 12)  200s
2026-10-06 15:57:56,112   검증 평균 IC +0.0055 | 평가 IC +0.0136 순위 IC +0.0143 방향 0.505 | 장중 IC +0.0027 (1731s)
2026-10-06 15:57:58,056 ▶ N9 └ Huber 손실  {"k": 8, "d": 64, "norm": "window", "lr": 0.001, "wd": 0.0001, "epochs": 20, "bs": 256, "fold_seeds": [0, 1], "test_seeds": [0, 1, 2], "loss": "huber"}
2026-10-06 15:59:08,843     2022-01 seed 0  최고 IC +0.1065 (에폭 4)  70s
2026-10-06 16:00:20,765     2022-01 seed 1  최고 IC +0.0874 (에폭 2)  72s
2026-10-06 16:01:55,704     2022-04 seed 0  최고 IC +0.0347 (에폭 2)  94s
2026-10-06 16:03:28,882     2022-04 seed 1  최고 IC +0.0431 (에폭 10)  93s
2026-10-06 16:05:28,456     2022-07 seed 0  최고 IC +0.0620 (에폭 1)  119s
2026-10-06 16:07:22,376     2022-07 seed 1  최고 IC +0.0924 (에폭 1)  114s
2026-10-06 16:09:47,308     2022-10 seed 0  최고 IC -0.0096 (에폭 15)  144s
2026-10-06 16:12:10,184     2022-10 seed 1  최고 IC -0.0159 (에폭 17)  143s
2026-10-06 16:15:02,421     2023-01 seed 0  최고 IC +0.0959 (에폭 7)  171s
