2026-10-06 14:24:34,486 레코드 33125건 (장중 21720 / 마감 후 11405), 종목 22개
2026-10-06 14:24:34,494 ▶ L1 감성 점수만  {"sent": true}
2026-10-06 14:24:35,221   검증 평균 IC +0.0075 | 평가 IC +0.0172 순위 IC +0.0123 방향 0.505 | 장중 IC +0.0104 (1s)
2026-10-06 14:24:40,585 ▶ L2 감성 + 임베딩 PCA8  {"sent": true, "k": 8}
2026-10-06 14:24:55,693   검증 평균 IC +0.0065 | 평가 IC -0.0057 순위 IC -0.0075 방향 0.499 | 장중 IC -0.0086 (15s)
2026-10-06 14:25:01,378 ▶ L3 지표 30일×9종만  {"sent": false, "ind": "flat"}
2026-10-06 14:25:07,443   검증 평균 IC +0.0416 | 평가 IC +0.0386 순위 IC +0.0410 방향 0.514 | 장중 IC -0.0273 (6s)
2026-10-06 14:25:11,572 ▶ L4 감성 + PCA8 + 지표  {"sent": true, "k": 8, "ind": "flat"}
2026-10-06 14:25:40,567   검증 평균 IC +0.0417 | 평가 IC +0.0387 순위 IC +0.0409 방향 0.514 | 장중 IC -0.0274 (29s)
2026-10-06 14:25:42,535 ▶ L5 L4 + 장중 여부  {"sent": true, "k": 8, "ind": "flat", "horizon": true}
2026-10-06 14:26:07,840   검증 평균 IC +0.0415 | 평가 IC +0.0387 순위 IC +0.0413 방향 0.513 | 장중 IC -0.0274 (25s)
2026-10-06 14:26:10,181 ▶ G1 LightGBM 감성 + PCA8 + 최근 지표 + 장중 여부  {"sent": true, "k": 8, "ind": "last", "horizon": true}
2026-10-06 14:26:38,131   검증 평균 IC +0.0348 | 평가 IC -0.0449 순위 IC +0.0265 방향 0.513 | 장중 IC -0.0294 (28s)
2026-10-06 14:26:40,323 ▶ G2 LightGBM 감성 + PCA32 + 최근 지표 + 장중 여부  {"sent": true, "k": 32, "ind": "last", "horizon": true}
2026-10-06 14:28:29,878   검증 평균 IC +0.0335 | 평가 IC -0.0677 순위 IC +0.0123 방향 0.512 | 장중 IC -0.0423 (110s)
2026-10-06 14:28:33,214 ▶ N2 논문 구조 축소판 (PCA8, d=64, 창 정규화)  {"k": 8, "d": 64, "norm": "window", "lr": 0.001, "wd": 0.0001, "epochs": 20, "bs": 256, "fold_seeds": [0, 1], "test_seeds": [0, 1, 2]}
2026-10-06 14:29:49,484     2022-01 seed 0  최고 IC +0.0746 (에폭 4)  76s
2026-10-06 14:31:03,255     2022-01 seed 1  최고 IC +0.0873 (에폭 6)  74s
2026-10-06 14:32:43,605     2022-04 seed 0  최고 IC +0.0756 (에폭 4)  100s
2026-10-06 14:34:19,416     2022-04 seed 1  최고 IC +0.0316 (에폭 15)  96s
2026-10-06 14:36:24,129     2022-07 seed 0  최고 IC +0.0261 (에폭 2)  125s
2026-10-06 14:38:29,520     2022-07 seed 1  최고 IC +0.0301 (에폭 1)  125s
2026-10-06 14:40:57,486     2022-10 seed 0  최고 IC +0.0572 (에폭 13)  147s
2026-10-06 14:43:31,268     2022-10 seed 1  최고 IC +0.0343 (에폭 3)  154s
2026-10-06 14:46:34,060     2023-01 seed 0  최고 IC +0.0517 (에폭 3)  182s
2026-10-06 14:49:32,800     2023-01 seed 1  최고 IC +0.0487 (에폭 4)  179s
2026-10-06 14:53:12,670     2023-04 seed 0  최고 IC +0.1347 (에폭 16)  219s
2026-10-06 14:56:50,596     2023-04 seed 1  최고 IC +0.1323 (에폭 16)  218s
2026-10-06 14:58:09,096   검증 평균 IC +0.0192 | 평가 IC +0.0046 순위 IC +0.0042 방향 0.500 | 장중 IC +0.0083 (1776s)
2026-10-06 14:58:11,989 ▶ N3 └ 뉴스 경로만 (TCN·어텐션 제거)  {"k": 8, "d": 64, "norm": "window", "lr": 0.001, "wd": 0.0001, "epochs": 20, "bs": 256, "fold_seeds": [0, 1], "test_seeds": [0, 1, 2], "mode": "news_only"}
2026-10-06 14:58:14,500     2022-01 seed 0  최고 IC +0.0884 (에폭 15)  2s
2026-10-06 14:58:16,109     2022-01 seed 1  최고 IC +0.0768 (에폭 6)  2s
2026-10-06 14:58:19,045     2022-04 seed 0  최고 IC +0.0361 (에폭 14)  2s
2026-10-06 14:58:20,965     2022-04 seed 1  최고 IC +0.0596 (에폭 19)  2s
2026-10-06 14:58:24,641     2022-07 seed 0  최고 IC -0.0046 (에폭 17)  3s
2026-10-06 14:58:27,042     2022-07 seed 1  최고 IC +0.0446 (에폭 20)  2s
2026-10-06 14:58:31,061     2022-10 seed 0  최고 IC +0.0294 (에폭 16)  3s
2026-10-06 14:58:34,101     2022-10 seed 1  최고 IC +0.0528 (에폭 3)  3s
2026-10-06 14:58:38,329     2023-01 seed 0  최고 IC +0.0070 (에폭 9)  4s
2026-10-06 14:58:41,721     2023-01 seed 1  최고 IC +0.0487 (에폭 17)  3s
2026-10-06 14:58:46,542     2023-04 seed 0  최고 IC +0.0116 (에폭 3)  4s
2026-10-06 14:58:50,279     2023-04 seed 1  최고 IC +0.0221 (에폭 2)  4s
2026-10-06 14:59:05,638   검증 평균 IC +0.0199 | 평가 IC +0.0047 순위 IC +0.0112 방향 0.504 | 장중 IC -0.0003 (54s)
2026-10-06 14:59:07,784 ▶ N4 └ 지표 경로만 (뉴스 제거)  {"k": 8, "d": 64, "norm": "window", "lr": 0.001, "wd": 0.0001, "epochs": 20, "bs": 256, "fold_seeds": [0, 1], "test_seeds": [0, 1, 2], "mode": "ind_only"}
2026-10-06 15:00:18,572     2022-01 seed 0  최고 IC +0.0146 (에폭 1)  70s
2026-10-06 15:01:29,481     2022-01 seed 1  최고 IC -0.0428 (에폭 1)  71s
2026-10-06 15:02:59,754     2022-04 seed 0  최고 IC +0.0444 (에폭 4)  90s
2026-10-06 15:04:30,697     2022-04 seed 1  최고 IC +0.0310 (에폭 6)  91s
2026-10-06 15:06:28,542     2022-07 seed 0  최고 IC -0.0300 (에폭 2)  117s
2026-10-06 15:08:25,273     2022-07 seed 1  최고 IC +0.0420 (에폭 1)  117s
2026-10-06 15:10:50,607     2022-10 seed 0  최고 IC +0.0217 (에폭 3)  144s
2026-10-06 15:13:16,834     2022-10 seed 1  최고 IC +0.0132 (에폭 5)  146s
2026-10-06 15:16:02,481     2023-01 seed 0  최고 IC +0.1429 (에폭 5)  165s
2026-10-06 15:18:44,821     2023-01 seed 1  최고 IC +0.1240 (에폭 6)  162s
2026-10-06 15:22:03,568     2023-04 seed 0  최고 IC +0.0683 (에폭 17)  198s
2026-10-06 15:25:16,353     2023-04 seed 1  최고 IC +0.0605 (에폭 13)  193s
2026-10-06 15:25:51,990   검증 평균 IC -0.0013 | 평가 IC +0.0375 순위 IC +0.0238 방향 0.509 | 장중 IC +0.0160 (1604s)
