2026-10-04 06:40:05,068 레코드 34441건 (장중 22940 / 마감 후 11501), 종목 22개
2026-10-04 06:40:05,075 ▶ N6 └ 게이트 제거 (단순 결합)  {"k": 8, "d": 64, "norm": "window", "lr": 0.001, "wd": 0.0001, "epochs": 20, "bs": 256, "fold_seeds": [0, 1], "test_seeds": [0, 1, 2], "mode": "concat"}
2026-10-04 06:41:50,449     2022-01 seed 0  최고 IC +0.1071 (에폭 10)  69s
2026-10-04 06:42:56,968     2022-01 seed 1  최고 IC +0.0955 (에폭 4)  67s
2026-10-04 06:45:00,790     2022-04 seed 0  최고 IC +0.1154 (에폭 16)  86s
2026-10-04 06:46:28,933     2022-04 seed 1  최고 IC +0.0962 (에폭 6)  88s
2026-10-04 06:48:56,835     2022-07 seed 0  최고 IC +0.1225 (에폭 3)  110s
2026-10-04 06:50:50,071     2022-07 seed 1  최고 IC +0.0240 (에폭 4)  113s
2026-10-04 06:53:45,470     2022-10 seed 0  최고 IC +0.0527 (에폭 13)  136s
2026-10-04 06:56:02,353     2022-10 seed 1  최고 IC +0.0844 (에폭 19)  137s
2026-10-04 06:59:17,286     2023-01 seed 0  최고 IC +0.1034 (에폭 19)  157s
2026-10-04 07:01:55,121     2023-01 seed 1  최고 IC +0.0924 (에폭 3)  158s
2026-10-04 07:05:41,888     2023-04 seed 0  최고 IC +0.1073 (에폭 18)  188s
2026-10-04 07:08:53,359     2023-04 seed 1  최고 IC +0.1407 (에폭 19)  191s
2026-10-04 07:11:19,482   검증 평균 IC +0.0396 | 평가 IC +0.0118 순위 IC +0.0249 방향 0.511 | 장중 IC +0.0061 (1874s)
2026-10-04 07:11:21,622 ▶ N7 └ 스케일링 없는 내적 어텐션 (논문 표기)  {"k": 8, "d": 64, "norm": "window", "lr": 0.001, "wd": 0.0001, "epochs": 20, "bs": 256, "fold_seeds": [0, 1], "test_seeds": [0, 1, 2], "scaled": false}
2026-10-04 07:12:29,713     2022-01 seed 0  최고 IC +0.0905 (에폭 7)  67s
2026-10-04 07:13:39,440     2022-01 seed 1  최고 IC +0.1278 (에폭 4)  70s
2026-10-04 07:15:13,996     2022-04 seed 0  최고 IC +0.1072 (에폭 5)  94s
2026-10-04 07:16:43,688     2022-04 seed 1  최고 IC +0.0666 (에폭 12)  90s
2026-10-04 07:18:46,198     2022-07 seed 0  최고 IC +0.0752 (에폭 19)  122s
2026-10-04 07:20:45,406     2022-07 seed 1  최고 IC +0.0476 (에폭 14)  119s
2026-10-04 07:23:07,572     2022-10 seed 0  최고 IC +0.0548 (에폭 17)  141s
2026-10-04 07:25:30,830     2022-10 seed 1  최고 IC +0.0645 (에폭 19)  143s
2026-10-04 07:28:16,973     2023-01 seed 0  최고 IC +0.1037 (에폭 2)  166s
2026-10-04 07:31:15,123     2023-01 seed 1  최고 IC +0.0740 (에폭 18)  178s
2026-10-04 07:34:48,815     2023-04 seed 0  최고 IC +0.1067 (에폭 9)  213s
