2026-10-02 18:40:48,633 INFO [1회차] chat 전체 34441 / 남은 18195
2026-10-02 18:40:51,211 INFO   제출 batch_6abf7c23035881909efa7daf697dedc3 (chat_requests_001.jsonl)
2026-10-02 18:42:21,594 INFO   finalizing 진행 531/531
2026-10-02 18:43:51,852 INFO   completed — 완료 531 실패 0
2026-10-02 18:43:53,142 INFO   chat_results.jsonl +531건
2026-10-02 18:43:55,476 INFO [2회차] chat 전체 34441 / 남은 17664
2026-10-02 18:43:58,240 INFO   제출 batch_6abf7cde16c08190a6e31906b16a0bc1 (chat_requests_002.jsonl)
2026-10-02 18:45:28,627 INFO   finalizing 진행 568/568
2026-10-02 18:46:58,857 INFO   completed — 완료 568 실패 0
2026-10-02 18:47:00,125 INFO   chat_results.jsonl +568건
2026-10-02 18:47:00,934 INFO [3회차] chat 전체 34441 / 남은 17096
2026-10-02 18:47:03,383 INFO   제출 batch_6abf7d97349c8190a94a86a65b0a9542 (chat_requests_003.jsonl)
2026-10-02 18:48:33,759 INFO   completed — 완료 576 실패 0
2026-10-02 18:48:36,080 INFO   chat_results.jsonl +576건
2026-10-02 18:48:36,864 INFO [4회차] chat 전체 34441 / 남은 16520
2026-10-02 18:48:40,752 INFO   제출 batch_6abf7df8751481909458727a6124c8c7 (chat_requests_004.jsonl)
2026-10-02 18:50:10,998 INFO   finalizing 진행 552/552
2026-10-02 18:51:41,380 INFO   completed — 완료 552 실패 0
2026-10-02 18:51:44,024 INFO   chat_results.jsonl +552건
2026-10-02 18:51:44,847 INFO [5회차] chat 전체 34441 / 남은 15968
2026-10-02 18:51:48,218 INFO   제출 batch_6abf7eb3ed5c8190946d72e1ea59401f (chat_requests_005.jsonl)
2026-10-02 18:53:18,590 INFO   in_progress 진행 422/521
2026-10-02 18:54:48,830 INFO   completed — 완료 521 실패 0
2026-10-02 18:54:50,344 INFO   chat_results.jsonl +521건
2026-10-02 18:54:51,153 INFO [6회차] chat 전체 34441 / 남은 15447
2026-10-02 18:54:53,516 INFO   제출 batch_6abf7f6d51508190aca1745b3a9e8aa0 (chat_requests_006.jsonl)
2026-10-02 18:56:23,760 INFO   in_progress 진행 435/505
2026-10-02 18:57:54,006 INFO   in_progress 진행 488/505
2026-10-02 18:59:24,247 INFO   finalizing 진행 505/505
2026-10-02 19:00:54,482 INFO   completed — 완료 505 실패 0
2026-10-02 19:00:55,809 INFO   chat_results.jsonl +505건
2026-10-02 19:00:56,640 INFO [7회차] chat 전체 34441 / 남은 14942
2026-10-02 19:00:59,386 INFO   제출 batch_6abf80db344481908f9483848dc8cc27 (chat_requests_007.jsonl)
2026-10-02 19:02:29,632 INFO   in_progress 진행 491/495
2026-10-02 19:04:00,020 INFO   completed — 완료 495 실패 0
2026-10-02 19:04:02,432 INFO   chat_results.jsonl +495건
2026-10-02 19:04:03,282 INFO [8회차] chat 전체 34441 / 남은 14447
2026-10-02 19:04:06,765 INFO   제출 batch_6abf81966e648190b8058b9bf68e66a4 (chat_requests_008.jsonl)
2026-10-02 19:05:37,151 INFO   in_progress 진행 247/551
2026-10-02 19:07:07,543 INFO   in_progress 진행 418/551
2026-10-02 19:08:37,783 INFO   in_progress 진행 487/551
2026-10-02 19:10:08,152 INFO   in_progress 진행 503/551
2026-10-02 19:11:38,530 INFO   in_progress 진행 505/551
2026-10-02 19:13:08,903 INFO   in_progress 진행 505/551
2026-10-02 19:14:39,285 INFO   in_progress 진행 537/551
2026-10-02 19:16:09,661 INFO   in_progress 진행 544/551
2026-10-02 19:17:40,052 INFO   completed — 완료 551 실패 0
2026-10-02 19:17:42,152 INFO   chat_results.jsonl +551건
2026-10-02 19:17:42,982 INFO [9회차] chat 전체 34441 / 남은 13896
2026-10-02 19:17:46,720 INFO   제출 batch_6abf84ca07688190a45c27dbd9286d53 (chat_requests_009.jsonl)
2026-10-02 19:19:17,095 INFO   in_progress 진행 0/549
2026-10-02 19:20:47,346 INFO   in_progress 진행 511/549
2026-10-02 19:22:17,774 INFO   in_progress 진행 528/549
2026-10-02 19:23:48,153 INFO   in_progress 진행 528/549
2026-10-02 19:25:18,393 INFO   in_progress 진행 535/549
2026-10-02 19:26:48,831 INFO   in_progress 진행 535/549
2026-10-02 19:28:19,227 INFO   in_progress 진행 548/549
2026-10-02 19:29:49,608 INFO   in_progress 진행 548/549
2026-10-02 19:31:19,984 INFO   in_progress 진행 548/549
2026-10-02 19:32:50,362 INFO   in_progress 진행 548/549
2026-10-02 19:34:20,601 INFO   in_progress 진행 548/549
2026-10-02 19:35:50,977 INFO   in_progress 진행 548/549
2026-10-02 19:37:21,222 INFO   in_progress 진행 548/549
2026-10-02 19:38:51,638 INFO   in_progress 진행 548/549
2026-10-02 19:40:22,016 INFO   in_progress 진행 548/549
2026-10-02 19:41:52,393 INFO   in_progress 진행 548/549
2026-10-02 19:43:22,634 INFO   in_progress 진행 548/549
2026-10-02 19:44:53,010 INFO   in_progress 진행 548/549
2026-10-02 19:46:23,389 INFO   in_progress 진행 548/549
2026-10-02 19:47:53,623 INFO   in_progress 진행 548/549
2026-10-02 19:49:24,006 INFO   in_progress 진행 548/549
2026-10-02 19:50:54,379 INFO   in_progress 진행 548/549
2026-10-02 19:52:24,637 INFO   in_progress 진행 548/549
2026-10-02 19:53:55,008 INFO   in_progress 진행 548/549
2026-10-02 19:55:25,248 INFO   in_progress 진행 548/549
2026-10-02 19:56:55,623 INFO   completed — 완료 549 실패 0
2026-10-02 19:56:58,220 INFO   chat_results.jsonl +549건
2026-10-02 19:56:59,073 INFO [10회차] chat 전체 34441 / 남은 13347
2026-10-02 19:57:02,243 INFO   제출 batch_6abf8dfdecec819082a82d0cec317acc (chat_requests_010.jsonl)
2026-10-02 19:58:33,212 INFO   in_progress 진행 0/509
2026-10-02 20:00:03,688 INFO   in_progress 진행 0/509
2026-10-02 20:01:33,924 INFO   in_progress 진행 0/509
2026-10-02 20:03:04,310 INFO   in_progress 진행 0/509
2026-10-02 20:04:34,551 INFO   in_progress 진행 0/509
2026-10-02 20:06:04,933 INFO   in_progress 진행 272/509
2026-10-02 20:07:35,307 INFO   completed — 완료 509 실패 0
2026-10-02 20:07:37,534 INFO   chat_results.jsonl +509건
2026-10-02 20:07:38,371 INFO [11회차] chat 전체 34441 / 남은 12838
2026-10-02 20:07:41,608 INFO   제출 batch_6abf907d4c1081909e9031dff2f54152 (chat_requests_011.jsonl)
2026-10-02 20:09:11,843 INFO   in_progress 진행 0/517
2026-10-02 20:10:42,236 INFO   in_progress 진행 0/517
2026-10-02 20:12:12,617 INFO   in_progress 진행 0/517
2026-10-02 20:13:43,001 INFO   in_progress 진행 0/517
2026-10-02 20:15:13,383 INFO   in_progress 진행 0/517
2026-10-02 20:16:43,766 INFO   in_progress 진행 0/517
2026-10-02 20:18:14,148 INFO   in_progress 진행 0/517
2026-10-02 20:19:44,551 INFO   in_progress 진행 0/517
2026-10-02 20:21:14,793 INFO   in_progress 진행 0/517
2026-10-02 20:22:45,170 INFO   in_progress 진행 0/517
2026-10-02 20:24:15,416 INFO   in_progress 진행 277/517
2026-10-02 20:25:45,814 INFO   completed — 완료 517 실패 0
2026-10-02 20:25:48,138 INFO   chat_results.jsonl +517건
2026-10-02 20:25:48,972 INFO [12회차] chat 전체 34441 / 남은 12321
2026-10-02 20:25:52,782 INFO   제출 batch_6abf94c0716c8190b52165cafc7864f2 (chat_requests_012.jsonl)
2026-10-02 20:27:23,182 INFO   in_progress 진행 0/517
2026-10-02 20:28:53,564 INFO   in_progress 진행 0/517
2026-10-02 20:30:23,814 INFO   in_progress 진행 0/517
2026-10-02 20:31:54,061 INFO   in_progress 진행 0/517
2026-10-02 20:33:24,445 INFO   in_progress 진행 0/517
2026-10-02 20:34:54,723 INFO   in_progress 진행 0/517
2026-10-02 20:36:25,103 INFO   in_progress 진행 0/517
2026-10-02 20:37:55,350 INFO   in_progress 진행 0/517
2026-10-02 20:39:25,729 INFO   in_progress 진행 0/517
2026-10-02 20:40:55,965 INFO   in_progress 진행 0/517
2026-10-02 20:42:26,346 INFO   in_progress 진행 0/517
2026-10-02 20:43:56,745 INFO   in_progress 진행 0/517
2026-10-02 20:45:26,998 INFO   in_progress 진행 0/517
2026-10-02 20:46:57,684 INFO   in_progress 진행 0/517
2026-10-02 20:48:28,068 INFO   in_progress 진행 0/517
2026-10-02 20:49:58,504 INFO   in_progress 진행 0/517
2026-10-02 20:51:28,787 INFO   in_progress 진행 0/517
2026-10-02 20:52:59,165 INFO   in_progress 진행 0/517
2026-10-02 20:54:29,404 INFO   in_progress 진행 0/517
2026-10-02 20:55:59,778 INFO   in_progress 진행 0/517
2026-10-02 20:57:30,164 INFO   in_progress 진행 0/517
2026-10-02 20:59:00,551 INFO   in_progress 진행 0/517
2026-10-02 21:00:30,965 INFO   in_progress 진행 0/517
2026-10-02 21:02:01,627 INFO   in_progress 진행 0/517
2026-10-02 21:03:31,873 INFO   in_progress 진행 0/517
2026-10-02 21:05:02,115 INFO   in_progress 진행 0/517
2026-10-02 21:06:32,365 INFO   in_progress 진행 294/517
2026-10-02 21:08:02,616 INFO   completed — 완료 517 실패 0
2026-10-02 21:08:04,150 INFO   chat_results.jsonl +517건
2026-10-02 21:08:04,998 INFO [13회차] chat 전체 34441 / 남은 11804
2026-10-02 21:08:07,053 INFO   제출 batch_6abf9ea6e5b08190add0dc9115c818cf (chat_requests_013.jsonl)
2026-10-02 21:09:37,294 INFO   in_progress 진행 0/525
2026-10-02 21:11:07,546 INFO   in_progress 진행 0/525
2026-10-02 21:12:37,925 INFO   in_progress 진행 0/525
2026-10-02 21:14:08,313 INFO   in_progress 진행 0/525
2026-10-02 21:15:38,548 INFO   in_progress 진행 0/525
2026-10-02 21:17:08,925 INFO   in_progress 진행 0/525
2026-10-02 21:18:39,309 INFO   in_progress 진행 0/525
2026-10-02 21:20:09,690 INFO   in_progress 진행 0/525
2026-10-02 21:21:39,930 INFO   in_progress 진행 0/525
2026-10-02 21:23:10,168 INFO   in_progress 진행 0/525
2026-10-02 21:24:40,560 INFO   in_progress 진행 0/525
2026-10-02 21:26:10,801 INFO   in_progress 진행 0/525
2026-10-02 21:27:41,055 INFO   in_progress 진행 0/525
2026-10-02 21:29:11,429 INFO   in_progress 진행 0/525
2026-10-02 21:30:41,845 INFO   in_progress 진행 0/525
2026-10-02 21:32:12,087 INFO   in_progress 진행 0/525
2026-10-02 21:33:42,471 INFO   in_progress 진행 0/525
2026-10-02 21:35:12,719 INFO   in_progress 진행 0/525
2026-10-02 21:36:42,966 INFO   in_progress 진행 0/525
2026-10-02 21:38:13,219 INFO   in_progress 진행 0/525
2026-10-02 21:39:43,633 INFO   in_progress 진행 0/525
2026-10-02 21:41:13,875 INFO   in_progress 진행 0/525
2026-10-02 21:42:44,119 INFO   in_progress 진행 0/525
2026-10-02 21:44:14,378 INFO   in_progress 진행 0/525
2026-10-02 21:45:44,765 INFO   in_progress 진행 0/525
2026-10-02 21:47:15,155 INFO   in_progress 진행 0/525
2026-10-02 21:48:45,543 INFO   in_progress 진행 0/525
2026-10-02 21:50:15,798 INFO   in_progress 진행 0/525
2026-10-02 21:51:46,186 INFO   in_progress 진행 0/525
2026-10-02 21:53:16,568 INFO   in_progress 진행 0/525
2026-10-02 21:54:46,955 INFO   in_progress 진행 0/525
2026-10-02 21:56:17,208 INFO   in_progress 진행 0/525
2026-10-02 21:57:47,762 INFO   in_progress 진행 0/525
2026-10-02 21:59:18,158 INFO   in_progress 진행 0/525
2026-10-02 22:00:48,541 INFO   in_progress 진행 0/525
2026-10-02 22:02:18,944 INFO   in_progress 진행 0/525
2026-10-02 22:03:49,340 INFO   in_progress 진행 0/525
2026-10-02 22:05:19,606 INFO   in_progress 진행 0/525
2026-10-02 22:06:49,994 INFO   in_progress 진행 0/525
2026-10-02 22:08:20,380 INFO   in_progress 진행 0/525
2026-10-02 22:09:49,838 INFO 전체 9800건 / 이미 처리 0건 / 이번 처리 9800건
2026-10-02 22:09:51,450 INFO 요약 언어: same
2026-10-02 22:11:06,665 INFO 진행 100 / 9800
2026-10-02 22:12:12,410 INFO 진행 200 / 9800
2026-10-02 22:13:26,966 INFO 진행 300 / 9800
2026-10-02 22:14:41,031 INFO 진행 400 / 9800
2026-10-02 22:15:53,316 INFO 진행 500 / 9800
2026-10-02 22:17:19,249 INFO 진행 600 / 9800
2026-10-02 22:18:29,970 INFO 진행 700 / 9800
2026-10-02 22:19:45,246 INFO 진행 800 / 9800
2026-10-02 22:20:52,803 INFO 진행 900 / 9800
2026-10-02 22:22:11,165 INFO 진행 1000 / 9800
2026-10-02 22:23:18,990 INFO 진행 1100 / 9800
2026-10-02 22:24:33,745 INFO 진행 1200 / 9800
2026-10-02 22:25:46,135 INFO 진행 1300 / 9800
2026-10-02 22:26:56,609 INFO 진행 1400 / 9800
2026-10-02 22:27:58,547 INFO 진행 1500 / 9800
2026-10-02 22:29:04,096 INFO 진행 1600 / 9800
2026-10-02 22:30:09,389 INFO 진행 1700 / 9800
2026-10-02 22:31:17,608 INFO 진행 1800 / 9800
2026-10-02 22:32:30,851 INFO 진행 1900 / 9800
2026-10-02 22:33:36,200 INFO 진행 2000 / 9800
2026-10-02 22:34:44,196 INFO 진행 2100 / 9800
2026-10-02 22:35:51,865 INFO 진행 2200 / 9800
2026-10-02 22:37:00,407 INFO 진행 2300 / 9800
2026-10-02 22:38:06,530 INFO 진행 2400 / 9800
2026-10-02 22:39:16,229 INFO 진행 2500 / 9800
2026-10-02 22:40:27,017 INFO 진행 2600 / 9800
2026-10-02 22:41:39,210 INFO 진행 2700 / 9800
2026-10-02 22:42:45,342 INFO 진행 2800 / 9800
2026-10-02 22:43:52,418 INFO 진행 2900 / 9800
2026-10-02 22:44:57,625 INFO 진행 3000 / 9800
2026-10-02 22:46:05,939 INFO 진행 3100 / 9800
2026-10-02 22:47:10,388 INFO 진행 3200 / 9800
2026-10-02 22:48:12,403 INFO 진행 3300 / 9800
2026-10-02 22:49:22,476 INFO 진행 3400 / 9800
2026-10-02 22:50:31,210 INFO 진행 3500 / 9800
2026-10-02 22:51:41,520 INFO 진행 3600 / 9800
2026-10-02 22:52:44,686 INFO 진행 3700 / 9800
2026-10-02 22:53:47,075 INFO 진행 3800 / 9800
2026-10-02 22:54:50,741 INFO 진행 3900 / 9800
2026-10-02 22:55:59,518 INFO 진행 4000 / 9800
2026-10-02 22:57:05,412 INFO 진행 4100 / 9800
2026-10-02 22:58:04,859 INFO 진행 4200 / 9800
2026-10-02 22:59:09,352 INFO 진행 4300 / 9800
2026-10-02 23:00:05,234 INFO 진행 4400 / 9800
2026-10-02 23:01:11,525 INFO 진행 4500 / 9800
2026-10-02 23:02:15,281 INFO 진행 4600 / 9800
2026-10-02 23:03:18,874 INFO 진행 4700 / 9800
2026-10-02 23:04:23,557 INFO 진행 4800 / 9800
2026-10-02 23:05:30,117 INFO 진행 4900 / 9800
2026-10-02 23:06:35,225 INFO 진행 5000 / 9800
2026-10-02 23:07:40,914 INFO 진행 5100 / 9800
2026-10-02 23:08:52,382 INFO 진행 5200 / 9800
2026-10-02 23:09:58,212 INFO 진행 5300 / 9800
2026-10-02 23:11:02,004 INFO 진행 5400 / 9800
2026-10-02 23:12:07,684 INFO 진행 5500 / 9800
2026-10-02 23:13:14,304 INFO 진행 5600 / 9800
2026-10-02 23:14:18,087 INFO 진행 5700 / 9800
2026-10-02 23:15:24,004 INFO 진행 5800 / 9800
2026-10-02 23:16:27,286 INFO 진행 5900 / 9800
2026-10-02 23:17:32,970 INFO 진행 6000 / 9800
2026-10-02 23:18:43,893 INFO 진행 6100 / 9800
2026-10-02 23:19:47,855 INFO 진행 6200 / 9800
2026-10-02 23:20:56,800 INFO 진행 6300 / 9800
2026-10-02 23:22:05,530 INFO 진행 6400 / 9800
2026-10-02 23:23:12,658 INFO 진행 6500 / 9800
2026-10-02 23:24:16,852 INFO 진행 6600 / 9800
2026-10-02 23:25:22,744 INFO 진행 6700 / 9800
2026-10-02 23:26:28,418 INFO 진행 6800 / 9800
2026-10-02 23:27:30,611 INFO 진행 6900 / 9800
2026-10-02 23:28:32,801 INFO 진행 7000 / 9800
2026-10-02 23:29:34,644 INFO 진행 7100 / 9800
2026-10-02 23:30:37,205 INFO 진행 7200 / 9800
2026-10-02 23:31:38,759 INFO 진행 7300 / 9800
2026-10-02 23:32:41,007 INFO 진행 7400 / 9800
2026-10-02 23:33:42,112 INFO 진행 7500 / 9800
2026-10-02 23:34:41,778 INFO 진행 7600 / 9800
2026-10-02 23:35:40,802 INFO 진행 7700 / 9800
2026-10-02 23:36:42,492 INFO 진행 7800 / 9800
2026-10-02 23:37:42,930 INFO 진행 7900 / 9800
2026-10-02 23:38:44,463 INFO 진행 8000 / 9800
2026-10-02 23:39:44,598 INFO 진행 8100 / 9800
2026-10-02 23:40:49,866 INFO 진행 8200 / 9800
2026-10-02 23:41:47,586 INFO 진행 8300 / 9800
2026-10-02 23:42:48,498 INFO 진행 8400 / 9800
2026-10-02 23:43:49,072 INFO 진행 8500 / 9800
2026-10-02 23:44:50,840 INFO 진행 8600 / 9800
2026-10-02 23:45:50,586 INFO 진행 8700 / 9800
2026-10-02 23:46:51,966 INFO 진행 8800 / 9800
2026-10-02 23:47:47,491 INFO 진행 8900 / 9800
2026-10-02 23:48:47,215 INFO 진행 9000 / 9800
2026-10-02 23:49:49,625 INFO 진행 9100 / 9800
2026-10-02 23:50:54,048 INFO 진행 9200 / 9800
2026-10-02 23:51:58,819 INFO 진행 9300 / 9800
2026-10-02 23:53:01,255 INFO 진행 9400 / 9800
2026-10-02 23:54:03,221 INFO 진행 9500 / 9800
2026-10-02 23:55:01,553 INFO 진행 9600 / 9800
2026-10-02 23:56:01,450 INFO 진행 9700 / 9800
2026-10-02 23:57:03,863 INFO 진행 9800 / 9800
2026-10-02 23:57:03,863 INFO 처리 완료 9800건
2026-10-02 23:57:03,863 INFO 완료 — .work/direct_cache.jsonl
[2026-10-02 23:57:04] 일반 API 누적 9800 (시도 1)
2026-10-02 23:57:06,945 INFO 전체 9800건 / 이미 처리 9800건 / 이번 처리 0건
2026-10-02 23:57:06,946 INFO 처리할 레코드가 없습니다.
[2026-10-02 23:57:07] 일반 API 누적 9800 (시도 2)
2026-10-02 23:57:09,763 INFO 전체 9800건 / 이미 처리 9800건 / 이번 처리 0건
2026-10-02 23:57:09,763 INFO 처리할 레코드가 없습니다.
[2026-10-02 23:57:09] 일반 API 누적 9800 (시도 3)
합침: chat +9800, embed +9800
2026-10-02 23:58:29,105 INFO chat_results.jsonl 에 322건 추가 (누적 55338)
[2026-10-02 23:58:30] 시각 있는 레코드 중 미처리 2004
2026-10-02 23:58:32,494 INFO [1회차] chat 전체 34441 / 남은 2004
2026-10-02 23:58:34,692 INFO   제출 batch_6abfc69a656081909cd301aa019fa78c (chat_requests_001.jsonl)
2026-10-03 00:00:04,935 INFO   in_progress 진행 0/525
2026-10-03 00:01:35,308 INFO   in_progress 진행 0/525
2026-10-03 00:03:05,535 INFO   in_progress 진행 0/525
2026-10-03 00:04:35,910 INFO   in_progress 진행 0/525
2026-10-03 00:06:06,142 INFO   in_progress 진행 0/525
2026-10-03 00:07:36,373 INFO   in_progress 진행 0/525
2026-10-03 00:09:06,604 INFO   in_progress 진행 0/525
2026-10-03 00:10:36,976 INFO   in_progress 진행 0/525
2026-10-03 00:12:07,217 INFO   in_progress 진행 0/525
2026-10-03 00:13:37,584 INFO   in_progress 진행 0/525
2026-10-03 00:15:07,840 INFO   in_progress 진행 0/525
2026-10-03 00:16:38,452 INFO   in_progress 진행 0/525
2026-10-03 00:18:08,816 INFO   in_progress 진행 0/525
2026-10-03 00:19:39,048 INFO   in_progress 진행 0/525
2026-10-03 00:21:09,291 INFO   in_progress 진행 0/525
2026-10-03 00:22:39,660 INFO   in_progress 진행 0/525
2026-10-03 00:24:09,896 INFO   in_progress 진행 522/525
2026-10-03 00:25:40,270 INFO   in_progress 진행 522/525
2026-10-03 00:27:10,659 INFO   in_progress 진행 522/525
2026-10-03 00:28:41,060 INFO   completed — 완료 525 실패 0
2026-10-03 00:28:44,011 INFO   chat_results.jsonl +525건
2026-10-03 00:28:44,990 INFO [2회차] chat 전체 34441 / 남은 1479
2026-10-03 00:28:47,474 INFO   제출 batch_6abfcdaf2f248190a6ffc069c1c51a9d (chat_requests_002.jsonl)
2026-10-03 00:30:17,707 INFO   in_progress 진행 0/541
2026-10-03 00:31:48,085 INFO   in_progress 진행 0/541
2026-10-03 00:33:18,452 INFO   in_progress 진행 0/541
2026-10-03 00:34:48,826 INFO   in_progress 진행 0/541
2026-10-03 00:36:19,205 INFO   in_progress 진행 0/541
2026-10-03 00:37:49,439 INFO   in_progress 진행 0/541
2026-10-03 00:39:19,817 INFO   in_progress 진행 0/541
2026-10-03 00:40:50,204 INFO   in_progress 진행 0/541
2026-10-03 00:42:20,461 INFO   in_progress 진행 0/541
2026-10-03 00:43:50,703 INFO   in_progress 진행 0/541
2026-10-03 00:45:21,071 INFO   in_progress 진행 0/541
2026-10-03 00:46:51,318 INFO   in_progress 진행 0/541
2026-10-03 00:48:21,695 INFO   in_progress 진행 0/541
2026-10-03 00:49:51,935 INFO   in_progress 진행 0/541
2026-10-03 00:51:22,338 INFO   in_progress 진행 0/541
2026-10-03 00:52:52,591 INFO   in_progress 진행 0/541
2026-10-03 00:54:22,826 INFO   in_progress 진행 0/541
2026-10-03 00:55:53,198 INFO   in_progress 진행 0/541
2026-10-03 00:57:23,573 INFO   completed — 완료 541 실패 0
2026-10-03 00:57:26,266 INFO   chat_results.jsonl +541건
2026-10-03 00:57:27,134 INFO [3회차] chat 전체 34441 / 남은 938
2026-10-03 00:57:30,275 INFO   제출 batch_6abfd469f7108190b5757a75f8b22b2e (chat_requests_003.jsonl)
2026-10-03 00:59:00,518 INFO   in_progress 진행 0/516
2026-10-03 01:00:30,751 INFO   in_progress 진행 0/516
2026-10-03 01:02:01,123 INFO   in_progress 진행 0/516
2026-10-03 01:03:31,357 INFO   in_progress 진행 515/516
2026-10-03 01:05:01,602 INFO   completed — 완료 516 실패 0
2026-10-03 01:05:03,160 INFO   chat_results.jsonl +516건
2026-10-03 01:05:04,049 INFO [4회차] chat 전체 34441 / 남은 422
2026-10-03 01:05:05,603 INFO   제출 batch_6abfd6316abc81908f4df0800972c7c4 (chat_requests_004.jsonl)
2026-10-03 01:06:35,841 INFO   in_progress 진행 420/422
2026-10-03 01:08:06,086 INFO   completed — 완료 422 실패 0
2026-10-03 01:08:07,735 INFO   chat_results.jsonl +422건
2026-10-03 01:08:08,652 INFO [5회차] chat 전체 34441 / 남은 0
2026-10-03 01:08:08,653 INFO 전량 완료
[2026-10-03 01:08:09] 시각 있는 레코드 중 미처리 0
2026-10-03 01:08:24,465 INFO [1회차] embed 전체 57342 / 남은 9825
2026-10-03 01:08:27,599 INFO   제출 batch_6abfd6fb3d888190849741d255a22217 (embed_requests_001.jsonl)
2026-10-03 01:09:57,975 INFO   in_progress 진행 961/8003
2026-10-03 01:11:28,356 INFO   in_progress 진행 2500/8003
2026-10-03 01:12:58,724 INFO   in_progress 진행 3883/8003
2026-10-03 01:14:28,954 INFO   in_progress 진행 5262/8003
2026-10-03 01:15:59,182 INFO   in_progress 진행 7000/8003
2026-10-03 01:17:29,562 INFO   in_progress 진행 7680/8003
2026-10-03 01:18:59,953 INFO   finalizing 진행 8003/8003
2026-10-03 01:20:30,189 INFO   finalizing 진행 8003/8003
2026-10-03 01:22:00,570 INFO   finalizing 진행 8003/8003
2026-10-03 01:23:30,813 INFO   completed — 완료 8003 실패 0
2026-10-03 01:24:37,679 INFO   news_cache.jsonl +8003건
2026-10-03 01:24:56,133 INFO [2회차] embed 전체 57342 / 남은 1822
2026-10-03 01:24:58,725 INFO   제출 batch_6abfdada6df88190a6ce328acd34642e (embed_requests_002.jsonl)
2026-10-03 01:26:29,102 INFO   in_progress 진행 994/1822
2026-10-03 01:27:59,471 INFO   finalizing 진행 1822/1822
2026-10-03 01:29:29,862 INFO   completed — 완료 1822 실패 0
2026-10-03 01:30:08,736 INFO   news_cache.jsonl +1822건
2026-10-03 01:30:22,371 INFO [3회차] embed 전체 57342 / 남은 0
2026-10-03 01:30:22,371 INFO 전량 완료
[2026-10-03 01:30:23] embed 57342/57342
[2026-10-03 01:30:23] ENRICH_DONE
